Archive member included because of file (symbol)

c:/program files/gnu tools arm embedded/4.8 2014q3/bin/../lib/gcc/arm-none-eabi/4.8.4/armv7-m\libgcc.a(_arm_addsubdf3.o)
                              ..\obj\stm32f10x_it.o (__aeabi_dsub)
c:/program files/gnu tools arm embedded/4.8 2014q3/bin/../lib/gcc/arm-none-eabi/4.8.4/armv7-m\libgcc.a(_arm_muldivdf3.o)
                              ..\obj\stm32f10x_it.o (__aeabi_dmul)
c:/program files/gnu tools arm embedded/4.8 2014q3/bin/../lib/gcc/arm-none-eabi/4.8.4/armv7-m\libgcc.a(_arm_fixunsdfsi.o)
                              ..\obj\heater.o (__aeabi_d2uiz)
c:/program files/gnu tools arm embedded/4.8 2014q3/bin/../lib/gcc/arm-none-eabi/4.8.4/armv7-m\libgcc.a(_arm_truncdfsf2.o)
                              ..\obj\stm32f10x_it.o (__aeabi_d2f)
c:/program files/gnu tools arm embedded/4.8 2014q3/bin/../lib/gcc/arm-none-eabi/4.8.4/armv7-m\libgcc.a(_arm_addsubsf3.o)
                              ..\obj\motor.o (__aeabi_fsub)
c:/program files/gnu tools arm embedded/4.8 2014q3/bin/../lib/gcc/arm-none-eabi/4.8.4/armv7-m\libgcc.a(_arm_muldivsf3.o)
                              ..\obj\GlobalInit.o (__aeabi_fmul)
c:/program files/gnu tools arm embedded/4.8 2014q3/bin/../lib/gcc/arm-none-eabi/4.8.4/armv7-m\libgcc.a(_arm_cmpsf2.o)
                              ..\obj\stm32f10x_it.o (__aeabi_fcmpeq)
c:/program files/gnu tools arm embedded/4.8 2014q3/bin/../lib/gcc/arm-none-eabi/4.8.4/armv7-m\libgcc.a(_arm_fixsfsi.o)
                              ..\obj\motor.o (__aeabi_f2iz)
c:/program files/gnu tools arm embedded/4.8 2014q3/bin/../lib/gcc/arm-none-eabi/4.8.4/armv7-m\libgcc.a(_arm_fixunssfsi.o)
                              ..\obj\GlobalInit.o (__aeabi_f2uiz)
c:/program files/gnu tools arm embedded/4.8 2014q3/bin/../lib/gcc/arm-none-eabi/4.8.4/../../../../arm-none-eabi/lib/armv7-m\libc.a(lib_a-memcmp.o)
                              ..\obj\main.o (memcmp)
c:/program files/gnu tools arm embedded/4.8 2014q3/bin/../lib/gcc/arm-none-eabi/4.8.4/../../../../arm-none-eabi/lib/armv7-m\libc.a(lib_a-strlen.o)
                              ..\obj\debug.o (strlen)

Allocating common symbols
Common symbol       size              file

MS                  0x4               ..\obj\systick.o

Discarded input sections

 .text          0x00000000        0x0 ..\obj\stm32f10x_rtc.o
 .data          0x00000000        0x0 ..\obj\stm32f10x_rtc.o
 .bss           0x00000000        0x0 ..\obj\stm32f10x_rtc.o
 .text.RTC_SetAlarm
                0x00000000       0x1c ..\obj\stm32f10x_rtc.o
 .text.RTC_GetDivider
                0x00000000       0x18 ..\obj\stm32f10x_rtc.o
 .text.RTC_GetFlagStatus
                0x00000000       0x14 ..\obj\stm32f10x_rtc.o
 .text.RTC_ClearFlag
                0x00000000       0x14 ..\obj\stm32f10x_rtc.o
 .text.RTC_GetITStatus
                0x00000000       0x24 ..\obj\stm32f10x_rtc.o
 .text.RTC_ClearITPendingBit
                0x00000000       0x14 ..\obj\stm32f10x_rtc.o
 .text          0x00000000        0x0 ..\obj\stm32f10x_tim.o
 .data          0x00000000        0x0 ..\obj\stm32f10x_tim.o
 .bss           0x00000000        0x0 ..\obj\stm32f10x_tim.o
 .text.TI1_Config
                0x00000000       0x70 ..\obj\stm32f10x_tim.o
 .text.TI2_Config
                0x00000000       0x78 ..\obj\stm32f10x_tim.o
 .text.TIM_DeInit
                0x00000000      0x200 ..\obj\stm32f10x_tim.o
 .text.TIM_TimeBaseInit
                0x00000000       0xa0 ..\obj\stm32f10x_tim.o
 .text.TIM_OC1Init
                0x00000000       0x8c ..\obj\stm32f10x_tim.o
 .text.TIM_OC2Init
                0x00000000       0x88 ..\obj\stm32f10x_tim.o
 .text.TIM_OC3Init
                0x00000000       0x84 ..\obj\stm32f10x_tim.o
 .text.TIM_OC4Init
                0x00000000       0x6c ..\obj\stm32f10x_tim.o
 .text.TIM_BDTRConfig
                0x00000000       0x24 ..\obj\stm32f10x_tim.o
 .text.TIM_TimeBaseStructInit
                0x00000000       0x14 ..\obj\stm32f10x_tim.o
 .text.TIM_OCStructInit
                0x00000000       0x14 ..\obj\stm32f10x_tim.o
 .text.TIM_ICStructInit
                0x00000000       0x10 ..\obj\stm32f10x_tim.o
 .text.TIM_BDTRStructInit
                0x00000000       0x14 ..\obj\stm32f10x_tim.o
 .text.TIM_Cmd  0x00000000       0x1c ..\obj\stm32f10x_tim.o
 .text.TIM_CtrlPWMOutputs
                0x00000000       0x24 ..\obj\stm32f10x_tim.o
 .text.TIM_ITConfig
                0x00000000       0x18 ..\obj\stm32f10x_tim.o
 .text.TIM_GenerateEvent
                0x00000000        0x4 ..\obj\stm32f10x_tim.o
 .text.TIM_DMAConfig
                0x00000000        0x8 ..\obj\stm32f10x_tim.o
 .text.TIM_DMACmd
                0x00000000       0x18 ..\obj\stm32f10x_tim.o
 .text.TIM_InternalClockConfig
                0x00000000       0x10 ..\obj\stm32f10x_tim.o
 .text.TIM_ITRxExternalClockConfig
                0x00000000       0x1c ..\obj\stm32f10x_tim.o
 .text.TIM_TIxExternalClockConfig
                0x00000000       0x38 ..\obj\stm32f10x_tim.o
 .text.TIM_ETRConfig
                0x00000000       0x18 ..\obj\stm32f10x_tim.o
 .text.TIM_ETRClockMode1Config
                0x00000000       0x1c ..\obj\stm32f10x_tim.o
 .text.TIM_ETRClockMode2Config
                0x00000000       0x14 ..\obj\stm32f10x_tim.o
 .text.TIM_PrescalerConfig
                0x00000000        0x8 ..\obj\stm32f10x_tim.o
 .text.TIM_CounterModeConfig
                0x00000000       0x10 ..\obj\stm32f10x_tim.o
 .text.TIM_SelectInputTrigger
                0x00000000       0x10 ..\obj\stm32f10x_tim.o
 .text.TIM_EncoderInterfaceConfig
                0x00000000       0x3c ..\obj\stm32f10x_tim.o
 .text.TIM_ForcedOC1Config
                0x00000000       0x10 ..\obj\stm32f10x_tim.o
 .text.TIM_ForcedOC2Config
                0x00000000       0x14 ..\obj\stm32f10x_tim.o
 .text.TIM_ForcedOC3Config
                0x00000000       0x10 ..\obj\stm32f10x_tim.o
 .text.TIM_ForcedOC4Config
                0x00000000       0x14 ..\obj\stm32f10x_tim.o
 .text.TIM_ARRPreloadConfig
                0x00000000       0x1c ..\obj\stm32f10x_tim.o
 .text.TIM_SelectCOM
                0x00000000       0x1c ..\obj\stm32f10x_tim.o
 .text.TIM_SelectCCDMA
                0x00000000       0x1c ..\obj\stm32f10x_tim.o
 .text.TIM_CCPreloadControl
                0x00000000       0x1c ..\obj\stm32f10x_tim.o
 .text.TIM_OC1PreloadConfig
                0x00000000       0x10 ..\obj\stm32f10x_tim.o
 .text.TIM_OC2PreloadConfig
                0x00000000       0x14 ..\obj\stm32f10x_tim.o
 .text.TIM_OC3PreloadConfig
                0x00000000       0x10 ..\obj\stm32f10x_tim.o
 .text.TIM_OC4PreloadConfig
                0x00000000       0x14 ..\obj\stm32f10x_tim.o
 .text.TIM_OC1FastConfig
                0x00000000       0x10 ..\obj\stm32f10x_tim.o
 .text.TIM_OC2FastConfig
                0x00000000       0x14 ..\obj\stm32f10x_tim.o
 .text.TIM_OC3FastConfig
                0x00000000       0x10 ..\obj\stm32f10x_tim.o
 .text.TIM_OC4FastConfig
                0x00000000       0x14 ..\obj\stm32f10x_tim.o
 .text.TIM_ClearOC1Ref
                0x00000000       0x10 ..\obj\stm32f10x_tim.o
 .text.TIM_ClearOC2Ref
                0x00000000       0x10 ..\obj\stm32f10x_tim.o
 .text.TIM_ClearOC3Ref
                0x00000000       0x10 ..\obj\stm32f10x_tim.o
 .text.TIM_ClearOC4Ref
                0x00000000       0x10 ..\obj\stm32f10x_tim.o
 .text.TIM_OC1PolarityConfig
                0x00000000       0x10 ..\obj\stm32f10x_tim.o
 .text.TIM_OC1NPolarityConfig
                0x00000000       0x10 ..\obj\stm32f10x_tim.o
 .text.TIM_OC2PolarityConfig
                0x00000000       0x14 ..\obj\stm32f10x_tim.o
 .text.TIM_OC2NPolarityConfig
                0x00000000       0x14 ..\obj\stm32f10x_tim.o
 .text.TIM_OC3PolarityConfig
                0x00000000       0x14 ..\obj\stm32f10x_tim.o
 .text.TIM_OC3NPolarityConfig
                0x00000000       0x14 ..\obj\stm32f10x_tim.o
 .text.TIM_OC4PolarityConfig
                0x00000000       0x14 ..\obj\stm32f10x_tim.o
 .text.TIM_CCxCmd
                0x00000000       0x20 ..\obj\stm32f10x_tim.o
 .text.TIM_CCxNCmd
                0x00000000       0x20 ..\obj\stm32f10x_tim.o
 .text.TIM_SelectOCxM
                0x00000000       0x4c ..\obj\stm32f10x_tim.o
 .text.TIM_UpdateDisableConfig
                0x00000000       0x1c ..\obj\stm32f10x_tim.o
 .text.TIM_UpdateRequestConfig
                0x00000000       0x1c ..\obj\stm32f10x_tim.o
 .text.TIM_SelectHallSensor
                0x00000000       0x1c ..\obj\stm32f10x_tim.o
 .text.TIM_SelectOnePulseMode
                0x00000000       0x18 ..\obj\stm32f10x_tim.o
 .text.TIM_SelectOutputTrigger
                0x00000000       0x18 ..\obj\stm32f10x_tim.o
 .text.TIM_SelectSlaveMode
                0x00000000       0x18 ..\obj\stm32f10x_tim.o
 .text.TIM_SelectMasterSlaveMode
                0x00000000       0x18 ..\obj\stm32f10x_tim.o
 .text.TIM_SetCounter
                0x00000000        0x4 ..\obj\stm32f10x_tim.o
 .text.TIM_SetAutoreload
                0x00000000        0x4 ..\obj\stm32f10x_tim.o
 .text.TIM_SetCompare1
                0x00000000        0x4 ..\obj\stm32f10x_tim.o
 .text.TIM_SetCompare2
                0x00000000        0x4 ..\obj\stm32f10x_tim.o
 .text.TIM_SetCompare3
                0x00000000        0x4 ..\obj\stm32f10x_tim.o
 .text.TIM_SetCompare4
                0x00000000        0x8 ..\obj\stm32f10x_tim.o
 .text.TIM_SetIC1Prescaler
                0x00000000       0x18 ..\obj\stm32f10x_tim.o
 .text.TIM_SetIC2Prescaler
                0x00000000       0x1c ..\obj\stm32f10x_tim.o
 .text.TIM_PWMIConfig
                0x00000000       0x6c ..\obj\stm32f10x_tim.o
 .text.TIM_SetIC3Prescaler
                0x00000000       0x18 ..\obj\stm32f10x_tim.o
 .text.TIM_SetIC4Prescaler
                0x00000000       0x1c ..\obj\stm32f10x_tim.o
 .text.TIM_ICInit
                0x00000000      0x13c ..\obj\stm32f10x_tim.o
 .text.TIM_SetClockDivision
                0x00000000       0x18 ..\obj\stm32f10x_tim.o
 .text.TIM_GetCapture1
                0x00000000        0x8 ..\obj\stm32f10x_tim.o
 .text.TIM_GetCapture2
                0x00000000        0x8 ..\obj\stm32f10x_tim.o
 .text.TIM_GetCapture3
                0x00000000        0x8 ..\obj\stm32f10x_tim.o
 .text.TIM_GetCapture4
                0x00000000        0x8 ..\obj\stm32f10x_tim.o
 .text.TIM_GetCounter
                0x00000000        0x8 ..\obj\stm32f10x_tim.o
 .text.TIM_GetPrescaler
                0x00000000        0x8 ..\obj\stm32f10x_tim.o
 .text.TIM_GetFlagStatus
                0x00000000        0xc ..\obj\stm32f10x_tim.o
 .text.TIM_ClearFlag
                0x00000000        0x8 ..\obj\stm32f10x_tim.o
 .text.TIM_ClearITPendingBit
                0x00000000        0x8 ..\obj\stm32f10x_tim.o
 .text          0x00000000        0x0 ..\obj\GlobalInit.o
 .data          0x00000000        0x0 ..\obj\GlobalInit.o
 .text          0x00000000        0x0 ..\obj\pumps.o
 .data          0x00000000        0x0 ..\obj\pumps.o
 .text.CU_Pumps_GetState
                0x00000000       0x14 ..\obj\pumps.o
 .text          0x00000000        0x0 ..\obj\startup_stm32f10x_md_vl.o
 .data          0x00000000        0x0 ..\obj\startup_stm32f10x_md_vl.o
 .bss           0x00000000        0x0 ..\obj\startup_stm32f10x_md_vl.o
 .text          0x00000000        0x0 ..\obj\system_stm32f10x.o
 .bss           0x00000000        0x0 ..\obj\system_stm32f10x.o
 .text.SystemCoreClockUpdate
                0x00000000       0x88 ..\obj\system_stm32f10x.o
 .text          0x00000000        0x0 ..\obj\stm32f10x_pwr.o
 .data          0x00000000        0x0 ..\obj\stm32f10x_pwr.o
 .bss           0x00000000        0x0 ..\obj\stm32f10x_pwr.o
 .text.PWR_DeInit
                0x00000000       0x18 ..\obj\stm32f10x_pwr.o
 .text.PWR_PVDCmd
                0x00000000        0xc ..\obj\stm32f10x_pwr.o
 .text.PWR_PVDLevelConfig
                0x00000000       0x14 ..\obj\stm32f10x_pwr.o
 .text.PWR_WakeUpPinCmd
                0x00000000        0xc ..\obj\stm32f10x_pwr.o
 .text.PWR_EnterSTOPMode
                0x00000000       0x34 ..\obj\stm32f10x_pwr.o
 .text.PWR_EnterSTANDBYMode
                0x00000000       0x28 ..\obj\stm32f10x_pwr.o
 .text.PWR_GetFlagStatus
                0x00000000       0x14 ..\obj\stm32f10x_pwr.o
 .text.PWR_ClearFlag
                0x00000000       0x10 ..\obj\stm32f10x_pwr.o
 .text          0x00000000        0x0 ..\obj\selector.o
 .data          0x00000000        0x0 ..\obj\selector.o
 .bss           0x00000000        0x0 ..\obj\selector.o
 .text.CU_Selector_Manual_ON
                0x00000000       0x10 ..\obj\selector.o
 .text.CU_Selector_Manual_OFF
                0x00000000       0x10 ..\obj\selector.o
 .text          0x00000000        0x0 ..\obj\stm32f10x_gpio.o
 .data          0x00000000        0x0 ..\obj\stm32f10x_gpio.o
 .bss           0x00000000        0x0 ..\obj\stm32f10x_gpio.o
 .text.GPIO_DeInit
                0x00000000       0xcc ..\obj\stm32f10x_gpio.o
 .text.GPIO_AFIODeInit
                0x00000000       0x14 ..\obj\stm32f10x_gpio.o
 .text.GPIO_StructInit
                0x00000000       0x10 ..\obj\stm32f10x_gpio.o
 .text.GPIO_ReadOutputDataBit
                0x00000000        0xc ..\obj\stm32f10x_gpio.o
 .text.GPIO_ReadOutputData
                0x00000000        0x8 ..\obj\stm32f10x_gpio.o
 .text.GPIO_WriteBit
                0x00000000        0xc ..\obj\stm32f10x_gpio.o
 .text.GPIO_Write
                0x00000000        0x4 ..\obj\stm32f10x_gpio.o
 .text.GPIO_EventOutputConfig
                0x00000000       0x1c ..\obj\stm32f10x_gpio.o
 .text.GPIO_EventOutputCmd
                0x00000000        0xc ..\obj\stm32f10x_gpio.o
 .text.GPIO_ETH_MediaInterfaceConfig
                0x00000000        0xc ..\obj\stm32f10x_gpio.o
 .text          0x00000000        0x0 ..\obj\main.o
 .text          0x00000000        0x0 ..\obj\programs_data.o
 .bss           0x00000000        0x0 ..\obj\programs_data.o
 .text          0x00000000        0x0 ..\obj\printf.o
 .data          0x00000000      0x430 ..\obj\printf.o
 .bss           0x00000000        0x0 ..\obj\printf.o
 .text.PrintChar
                0x00000000        0x4 ..\obj\printf.o
 .text.PutChar  0x00000000        0x8 ..\obj\printf.o
 .text.PutString
                0x00000000       0x1c ..\obj\printf.o
 .text.PutUnsignedInt
                0x00000000       0x54 ..\obj\printf.o
 .text.PutSignedInt
                0x00000000       0x84 ..\obj\printf.o
 .text.PutHexa  0x00000000       0x68 ..\obj\printf.o
 .text.vsnprintf
                0x00000000      0x14c ..\obj\printf.o
 .text.snprintf
                0x00000000       0x1c ..\obj\printf.o
 .text.vsprintf
                0x00000000       0x10 ..\obj\printf.o
 .text.sprintf  0x00000000       0x1c ..\obj\printf.o
 .text.fputc    0x00000000       0x1c ..\obj\printf.o
 .text.fputs    0x00000000       0x2c ..\obj\printf.o
 .text.vfprintf
                0x00000000       0x4c ..\obj\printf.o
 .text.vprintf  0x00000000       0x18 ..\obj\printf.o
 .text.printf   0x00000000       0x1c ..\obj\printf.o
 .text.fprintf  0x00000000       0x1c ..\obj\printf.o
 .text.puts     0x00000000       0x14 ..\obj\printf.o
 .rodata.str1.4
                0x00000000       0x24 ..\obj\printf.o
 .debug_info    0x00000000     0x11fc ..\obj\printf.o
 .debug_abbrev  0x00000000      0x33c ..\obj\printf.o
 .debug_loc     0x00000000      0xd81 ..\obj\printf.o
 .debug_aranges
                0x00000000       0xa0 ..\obj\printf.o
 .debug_ranges  0x00000000       0x90 ..\obj\printf.o
 .debug_line    0x00000000      0x3ac ..\obj\printf.o
 .debug_str     0x00000000      0x632 ..\obj\printf.o
 .comment       0x00000000       0x71 ..\obj\printf.o
 .ARM.attributes
                0x00000000       0x33 ..\obj\printf.o
 .debug_frame   0x00000000      0x1ec ..\obj\printf.o
 .text          0x00000000        0x0 ..\obj\stm32f10x_rcc.o
 .bss           0x00000000        0x0 ..\obj\stm32f10x_rcc.o
 .text.RCC_DeInit
                0x00000000       0x44 ..\obj\stm32f10x_rcc.o
 .text.RCC_HSEConfig
                0x00000000       0x3c ..\obj\stm32f10x_rcc.o
 .text.RCC_AdjustHSICalibrationValue
                0x00000000       0x14 ..\obj\stm32f10x_rcc.o
 .text.RCC_HSICmd
                0x00000000        0xc ..\obj\stm32f10x_rcc.o
 .text.RCC_PLLConfig
                0x00000000       0x14 ..\obj\stm32f10x_rcc.o
 .text.RCC_PLLCmd
                0x00000000        0xc ..\obj\stm32f10x_rcc.o
 .text.RCC_PREDIV1Config
                0x00000000       0x18 ..\obj\stm32f10x_rcc.o
 .text.RCC_SYSCLKConfig
                0x00000000       0x14 ..\obj\stm32f10x_rcc.o
 .text.RCC_GetSYSCLKSource
                0x00000000       0x10 ..\obj\stm32f10x_rcc.o
 .text.RCC_HCLKConfig
                0x00000000       0x14 ..\obj\stm32f10x_rcc.o
 .text.RCC_PCLK1Config
                0x00000000       0x14 ..\obj\stm32f10x_rcc.o
 .text.RCC_PCLK2Config
                0x00000000       0x14 ..\obj\stm32f10x_rcc.o
 .text.RCC_ITConfig
                0x00000000       0x1c ..\obj\stm32f10x_rcc.o
 .text.RCC_USBCLKConfig
                0x00000000        0xc ..\obj\stm32f10x_rcc.o
 .text.RCC_LSEConfig
                0x00000000       0x28 ..\obj\stm32f10x_rcc.o
 .text.RCC_LSICmd
                0x00000000        0xc ..\obj\stm32f10x_rcc.o
 .text.RCC_APB1PeriphResetCmd
                0x00000000       0x1c ..\obj\stm32f10x_rcc.o
 .text.RCC_BackupResetCmd
                0x00000000        0xc ..\obj\stm32f10x_rcc.o
 .text.RCC_ClockSecuritySystemCmd
                0x00000000        0xc ..\obj\stm32f10x_rcc.o
 .text.RCC_MCOConfig
                0x00000000        0xc ..\obj\stm32f10x_rcc.o
 .text.RCC_GetFlagStatus
                0x00000000       0x28 ..\obj\stm32f10x_rcc.o
 .text.RCC_WaitForHSEStartUp
                0x00000000       0x34 ..\obj\stm32f10x_rcc.o
 .text.RCC_ClearFlag
                0x00000000       0x10 ..\obj\stm32f10x_rcc.o
 .text.RCC_GetITStatus
                0x00000000       0x14 ..\obj\stm32f10x_rcc.o
 .text.RCC_ClearITPendingBit
                0x00000000        0xc ..\obj\stm32f10x_rcc.o
 .text          0x00000000        0x0 ..\obj\motor.o
 .text          0x00000000        0x0 ..\obj\stm32f10x_exti.o
 .data          0x00000000        0x0 ..\obj\stm32f10x_exti.o
 .bss           0x00000000        0x0 ..\obj\stm32f10x_exti.o
 .text.EXTI_DeInit
                0x00000000       0x1c ..\obj\stm32f10x_exti.o
 .text.EXTI_StructInit
                0x00000000       0x10 ..\obj\stm32f10x_exti.o
 .text.EXTI_GenerateSWInterrupt
                0x00000000       0x10 ..\obj\stm32f10x_exti.o
 .text.EXTI_GetFlagStatus
                0x00000000       0x14 ..\obj\stm32f10x_exti.o
 .text.EXTI_ClearFlag
                0x00000000        0xc ..\obj\stm32f10x_exti.o
 .text.EXTI_GetITStatus
                0x00000000       0x1c ..\obj\stm32f10x_exti.o
 .text.EXTI_ClearITPendingBit
                0x00000000        0xc ..\obj\stm32f10x_exti.o
 .text          0x00000000        0x0 ..\obj\stm32f10x_adc.o
 .data          0x00000000        0x0 ..\obj\stm32f10x_adc.o
 .bss           0x00000000        0x0 ..\obj\stm32f10x_adc.o
 .text.ADC_StructInit
                0x00000000       0x14 ..\obj\stm32f10x_adc.o
 .text.ADC_ITConfig
                0x00000000       0x18 ..\obj\stm32f10x_adc.o
 .text.ADC_GetSoftwareStartConvStatus
                0x00000000        0x8 ..\obj\stm32f10x_adc.o
 .text.ADC_DiscModeChannelCountConfig
                0x00000000       0x10 ..\obj\stm32f10x_adc.o
 .text.ADC_DiscModeCmd
                0x00000000       0x18 ..\obj\stm32f10x_adc.o
 .text.ADC_ExternalTrigConvCmd
                0x00000000       0x18 ..\obj\stm32f10x_adc.o
 .text.ADC_GetDualModeConversionValue
                0x00000000        0xc ..\obj\stm32f10x_adc.o
 .text.ADC_AutoInjectedConvCmd
                0x00000000       0x18 ..\obj\stm32f10x_adc.o
 .text.ADC_InjectedDiscModeCmd
                0x00000000       0x18 ..\obj\stm32f10x_adc.o
 .text.ADC_ExternalTrigInjectedConvConfig
                0x00000000        0xc ..\obj\stm32f10x_adc.o
 .text.ADC_ExternalTrigInjectedConvCmd
                0x00000000       0x18 ..\obj\stm32f10x_adc.o
 .text.ADC_SoftwareStartInjectedConvCmd
                0x00000000       0x18 ..\obj\stm32f10x_adc.o
 .text.ADC_GetSoftwareStartInjectedConvCmdStatus
                0x00000000        0x8 ..\obj\stm32f10x_adc.o
 .text.ADC_InjectedChannelConfig
                0x00000000       0x60 ..\obj\stm32f10x_adc.o
 .text.ADC_InjectedSequencerLengthConfig
                0x00000000       0x10 ..\obj\stm32f10x_adc.o
 .text.ADC_SetInjectedOffset
                0x00000000       0x18 ..\obj\stm32f10x_adc.o
 .text.ADC_GetInjectedConversionValue
                0x00000000       0x1c ..\obj\stm32f10x_adc.o
 .text.ADC_AnalogWatchdogCmd
                0x00000000       0x10 ..\obj\stm32f10x_adc.o
 .text.ADC_AnalogWatchdogThresholdsConfig
                0x00000000        0x8 ..\obj\stm32f10x_adc.o
 .text.ADC_AnalogWatchdogSingleChannelConfig
                0x00000000        0xc ..\obj\stm32f10x_adc.o
 .text.ADC_TempSensorVrefintCmd
                0x00000000       0x20 ..\obj\stm32f10x_adc.o
 .text.ADC_ClearFlag
                0x00000000        0x8 ..\obj\stm32f10x_adc.o
 .text.ADC_GetITStatus
                0x00000000       0x1c ..\obj\stm32f10x_adc.o
 .text.ADC_ClearITPendingBit
                0x00000000        0x8 ..\obj\stm32f10x_adc.o
 .text          0x00000000        0x0 ..\obj\stm32f10x_usart.o
 .data          0x00000000        0x0 ..\obj\stm32f10x_usart.o
 .bss           0x00000000        0x0 ..\obj\stm32f10x_usart.o
 .text.USART_DeInit
                0x00000000       0xa4 ..\obj\stm32f10x_usart.o
 .text.USART_StructInit
                0x00000000       0x18 ..\obj\stm32f10x_usart.o
 .text.USART_ClockInit
                0x00000000       0x24 ..\obj\stm32f10x_usart.o
 .text.USART_ClockStructInit
                0x00000000        0xc ..\obj\stm32f10x_usart.o
 .text.USART_ITConfig
                0x00000000       0x38 ..\obj\stm32f10x_usart.o
 .text.USART_SetAddress
                0x00000000       0x18 ..\obj\stm32f10x_usart.o
 .text.USART_WakeUpConfig
                0x00000000       0x18 ..\obj\stm32f10x_usart.o
 .text.USART_ReceiverWakeUpCmd
                0x00000000       0x1c ..\obj\stm32f10x_usart.o
 .text.USART_LINBreakDetectLengthConfig
                0x00000000       0x18 ..\obj\stm32f10x_usart.o
 .text.USART_LINCmd
                0x00000000       0x1c ..\obj\stm32f10x_usart.o
 .text.USART_ReceiveData
                0x00000000        0x8 ..\obj\stm32f10x_usart.o
 .text.USART_SendBreak
                0x00000000        0xc ..\obj\stm32f10x_usart.o
 .text.USART_SetGuardTime
                0x00000000       0x14 ..\obj\stm32f10x_usart.o
 .text.USART_SetPrescaler
                0x00000000       0x14 ..\obj\stm32f10x_usart.o
 .text.USART_SmartCardCmd
                0x00000000       0x1c ..\obj\stm32f10x_usart.o
 .text.USART_SmartCardNACKCmd
                0x00000000       0x1c ..\obj\stm32f10x_usart.o
 .text.USART_HalfDuplexCmd
                0x00000000       0x1c ..\obj\stm32f10x_usart.o
 .text.USART_OverSampling8Cmd
                0x00000000       0x1c ..\obj\stm32f10x_usart.o
 .text.USART_OneBitMethodCmd
                0x00000000       0x1c ..\obj\stm32f10x_usart.o
 .text.USART_IrDAConfig
                0x00000000       0x18 ..\obj\stm32f10x_usart.o
 .text.USART_IrDACmd
                0x00000000       0x1c ..\obj\stm32f10x_usart.o
 .text.USART_ClearFlag
                0x00000000        0x8 ..\obj\stm32f10x_usart.o
 .text.USART_GetITStatus
                0x00000000       0x48 ..\obj\stm32f10x_usart.o
 .text.USART_ClearITPendingBit
                0x00000000       0x10 ..\obj\stm32f10x_usart.o
 .text          0x00000000        0x0 ..\obj\heater.o
 .data          0x00000000        0x0 ..\obj\heater.o
 .text.CU_Heater_GetState
                0x00000000       0x14 ..\obj\heater.o
 .text          0x00000000        0x0 ..\obj\syscalls.o
 .data          0x00000000        0x0 ..\obj\syscalls.o
 .bss           0x00000000        0x4 ..\obj\syscalls.o
 .text._sbrk    0x00000000       0x20 ..\obj\syscalls.o
 .text.link     0x00000000        0x8 ..\obj\syscalls.o
 .text._close   0x00000000        0x8 ..\obj\syscalls.o
 .text._fstat   0x00000000        0xc ..\obj\syscalls.o
 .text._isatty  0x00000000        0x4 ..\obj\syscalls.o
 .text._lseek   0x00000000        0x4 ..\obj\syscalls.o
 .text._read    0x00000000        0x4 ..\obj\syscalls.o
 .text._write   0x00000000        0x4 ..\obj\syscalls.o
 .text.abort    0x00000000        0x4 ..\obj\syscalls.o
 .debug_info    0x00000000      0x3ed ..\obj\syscalls.o
 .debug_abbrev  0x00000000       0xf1 ..\obj\syscalls.o
 .debug_loc     0x00000000      0x108 ..\obj\syscalls.o
 .debug_aranges
                0x00000000       0x60 ..\obj\syscalls.o
 .debug_ranges  0x00000000       0x50 ..\obj\syscalls.o
 .debug_line    0x00000000      0x14b ..\obj\syscalls.o
 .debug_str     0x00000000      0x2a3 ..\obj\syscalls.o
 .comment       0x00000000       0x71 ..\obj\syscalls.o
 .ARM.attributes
                0x00000000       0x33 ..\obj\syscalls.o
 .debug_frame   0x00000000       0xa0 ..\obj\syscalls.o
 .text          0x00000000        0x0 ..\obj\stm32f10x_flash.o
 .data          0x00000000        0x0 ..\obj\stm32f10x_flash.o
 .bss           0x00000000        0x0 ..\obj\stm32f10x_flash.o
 .text.FLASH_SetLatency
                0x00000000       0x14 ..\obj\stm32f10x_flash.o
 .text.FLASH_HalfCycleAccessCmd
                0x00000000       0x18 ..\obj\stm32f10x_flash.o
 .text.FLASH_PrefetchBufferCmd
                0x00000000       0x18 ..\obj\stm32f10x_flash.o
 .text.FLASH_UnlockBank1
                0x00000000       0x18 ..\obj\stm32f10x_flash.o
 .text.FLASH_LockBank1
                0x00000000       0x10 ..\obj\stm32f10x_flash.o
 .text.FLASH_GetUserOptionByte
                0x00000000        0xc ..\obj\stm32f10x_flash.o
 .text.FLASH_GetWriteProtectionOptionByte
                0x00000000        0xc ..\obj\stm32f10x_flash.o
 .text.FLASH_GetReadOutProtectionStatus
                0x00000000       0x10 ..\obj\stm32f10x_flash.o
 .text.FLASH_GetPrefetchBufferStatus
                0x00000000       0x10 ..\obj\stm32f10x_flash.o
 .text.FLASH_ITConfig
                0x00000000       0x1c ..\obj\stm32f10x_flash.o
 .text.FLASH_GetFlagStatus
                0x00000000       0x20 ..\obj\stm32f10x_flash.o
 .text.FLASH_ClearFlag
                0x00000000        0xc ..\obj\stm32f10x_flash.o
 .text.FLASH_GetStatus
                0x00000000       0x34 ..\obj\stm32f10x_flash.o
 .text.FLASH_EraseAllPages
                0x00000000       0x3c ..\obj\stm32f10x_flash.o
 .text.FLASH_EraseOptionBytes
                0x00000000       0x98 ..\obj\stm32f10x_flash.o
 .text.FLASH_ProgramHalfWord
                0x00000000       0x38 ..\obj\stm32f10x_flash.o
 .text.FLASH_ProgramOptionByteData
                0x00000000       0x4c ..\obj\stm32f10x_flash.o
 .text.FLASH_EnableWriteProtection
                0x00000000       0xb0 ..\obj\stm32f10x_flash.o
 .text.FLASH_ReadOutProtection
                0x00000000       0x9c ..\obj\stm32f10x_flash.o
 .text.FLASH_UserOptionByteConfig
                0x00000000       0x60 ..\obj\stm32f10x_flash.o
 .text.FLASH_WaitForLastBank1Operation
                0x00000000       0x24 ..\obj\stm32f10x_flash.o
 .text.FLASH_EraseAllBank1Pages
                0x00000000       0x3c ..\obj\stm32f10x_flash.o
 .text          0x00000000        0x0 ..\obj\stm32f10x_it.o
 .text          0x00000000        0x0 ..\obj\debug.o
 .data          0x00000000        0x0 ..\obj\debug.o
 .bss           0x00000000        0x8 ..\obj\debug.o
 .text.Debug_Send_SystemStatus
                0x00000000      0x464 ..\obj\debug.o
 .rodata.str1.4
                0x00000000       0xa0 ..\obj\debug.o
 .text          0x00000000        0x0 ..\obj\stm32f10x_dma.o
 .data          0x00000000        0x0 ..\obj\stm32f10x_dma.o
 .bss           0x00000000        0x0 ..\obj\stm32f10x_dma.o
 .text.DMA_StructInit
                0x00000000       0x1c ..\obj\stm32f10x_dma.o
 .text.DMA_SetCurrDataCounter
                0x00000000        0x4 ..\obj\stm32f10x_dma.o
 .text.DMA_GetCurrDataCounter
                0x00000000        0x8 ..\obj\stm32f10x_dma.o
 .text.DMA_GetFlagStatus
                0x00000000       0x20 ..\obj\stm32f10x_dma.o
 .text.DMA_ClearFlag
                0x00000000       0x18 ..\obj\stm32f10x_dma.o
 .text.DMA_GetITStatus
                0x00000000       0x20 ..\obj\stm32f10x_dma.o
 .text.DMA_ClearITPendingBit
                0x00000000       0x18 ..\obj\stm32f10x_dma.o
 .text          0x00000000        0x0 ..\obj\misc.o
 .data          0x00000000        0x0 ..\obj\misc.o
 .bss           0x00000000        0x0 ..\obj\misc.o
 .text.NVIC_PriorityGroupConfig
                0x00000000       0x14 ..\obj\misc.o
 .text.NVIC_Init
                0x00000000       0x6c ..\obj\misc.o
 .text.NVIC_SetVectorTable
                0x00000000       0x14 ..\obj\misc.o
 .text.NVIC_SystemLPConfig
                0x00000000       0x1c ..\obj\misc.o
 .text.SysTick_CLKSourceConfig
                0x00000000       0x18 ..\obj\misc.o
 .debug_info    0x00000000      0x543 ..\obj\misc.o
 .debug_abbrev  0x00000000      0x154 ..\obj\misc.o
 .debug_loc     0x00000000      0x1da ..\obj\misc.o
 .debug_aranges
                0x00000000       0x40 ..\obj\misc.o
 .debug_ranges  0x00000000       0x30 ..\obj\misc.o
 .debug_line    0x00000000      0x1e5 ..\obj\misc.o
 .debug_str     0x00000000      0x3b4 ..\obj\misc.o
 .comment       0x00000000       0x71 ..\obj\misc.o
 .ARM.attributes
                0x00000000       0x33 ..\obj\misc.o
 .debug_frame   0x00000000       0x68 ..\obj\misc.o
 .text          0x00000000        0x0 ..\obj\systick.o
 .data          0x00000000        0x0 ..\obj\systick.o
 .bss           0x00000000        0x4 ..\obj\systick.o
 .text.delay_init
                0x00000000       0x44 ..\obj\systick.o
 COMMON         0x00000000        0x4 ..\obj\systick.o
 .text          0x00000000        0x0 ..\obj\stm32f10x_systick.o
 .data          0x00000000        0x0 ..\obj\stm32f10x_systick.o
 .bss           0x00000000        0x0 ..\obj\stm32f10x_systick.o
 .text.SysTick_SetReload
                0x00000000        0xc ..\obj\stm32f10x_systick.o
 .text.SysTick_CounterCmd
                0x00000000       0x30 ..\obj\stm32f10x_systick.o
 .text.SysTick_ITConfig
                0x00000000       0x20 ..\obj\stm32f10x_systick.o
 .text.SysTick_GetCounter
                0x00000000        0xc ..\obj\stm32f10x_systick.o
 .text.SysTick_GetFlagStatus
                0x00000000       0x1c ..\obj\stm32f10x_systick.o
 .debug_info    0x00000000      0x245 ..\obj\stm32f10x_systick.o
 .debug_abbrev  0x00000000      0x144 ..\obj\stm32f10x_systick.o
 .debug_loc     0x00000000       0x83 ..\obj\stm32f10x_systick.o
 .debug_aranges
                0x00000000       0x40 ..\obj\stm32f10x_systick.o
 .debug_ranges  0x00000000       0x30 ..\obj\stm32f10x_systick.o
 .debug_line    0x00000000      0x1bf ..\obj\stm32f10x_systick.o
 .debug_str     0x00000000      0x26a ..\obj\stm32f10x_systick.o
 .comment       0x00000000       0x71 ..\obj\stm32f10x_systick.o
 .ARM.attributes
                0x00000000       0x33 ..\obj\stm32f10x_systick.o
 .debug_frame   0x00000000       0x60 ..\obj\stm32f10x_systick.o
 .text          0x00000000        0x0 ..\obj\Program.o
 .data          0x00000000        0x0 c:/program files/gnu tools arm embedded/4.8 2014q3/bin/../lib/gcc/arm-none-eabi/4.8.4/armv7-m\libgcc.a(_arm_addsubdf3.o)
 .bss           0x00000000        0x0 c:/program files/gnu tools arm embedded/4.8 2014q3/bin/../lib/gcc/arm-none-eabi/4.8.4/armv7-m\libgcc.a(_arm_addsubdf3.o)
 .data          0x00000000        0x0 c:/program files/gnu tools arm embedded/4.8 2014q3/bin/../lib/gcc/arm-none-eabi/4.8.4/armv7-m\libgcc.a(_arm_muldivdf3.o)
 .bss           0x00000000        0x0 c:/program files/gnu tools arm embedded/4.8 2014q3/bin/../lib/gcc/arm-none-eabi/4.8.4/armv7-m\libgcc.a(_arm_muldivdf3.o)
 .data          0x00000000        0x0 c:/program files/gnu tools arm embedded/4.8 2014q3/bin/../lib/gcc/arm-none-eabi/4.8.4/armv7-m\libgcc.a(_arm_fixunsdfsi.o)
 .bss           0x00000000        0x0 c:/program files/gnu tools arm embedded/4.8 2014q3/bin/../lib/gcc/arm-none-eabi/4.8.4/armv7-m\libgcc.a(_arm_fixunsdfsi.o)
 .data          0x00000000        0x0 c:/program files/gnu tools arm embedded/4.8 2014q3/bin/../lib/gcc/arm-none-eabi/4.8.4/armv7-m\libgcc.a(_arm_truncdfsf2.o)
 .bss           0x00000000        0x0 c:/program files/gnu tools arm embedded/4.8 2014q3/bin/../lib/gcc/arm-none-eabi/4.8.4/armv7-m\libgcc.a(_arm_truncdfsf2.o)
 .data          0x00000000        0x0 c:/program files/gnu tools arm embedded/4.8 2014q3/bin/../lib/gcc/arm-none-eabi/4.8.4/armv7-m\libgcc.a(_arm_addsubsf3.o)
 .bss           0x00000000        0x0 c:/program files/gnu tools arm embedded/4.8 2014q3/bin/../lib/gcc/arm-none-eabi/4.8.4/armv7-m\libgcc.a(_arm_addsubsf3.o)
 .data          0x00000000        0x0 c:/program files/gnu tools arm embedded/4.8 2014q3/bin/../lib/gcc/arm-none-eabi/4.8.4/armv7-m\libgcc.a(_arm_muldivsf3.o)
 .bss           0x00000000        0x0 c:/program files/gnu tools arm embedded/4.8 2014q3/bin/../lib/gcc/arm-none-eabi/4.8.4/armv7-m\libgcc.a(_arm_muldivsf3.o)
 .data          0x00000000        0x0 c:/program files/gnu tools arm embedded/4.8 2014q3/bin/../lib/gcc/arm-none-eabi/4.8.4/armv7-m\libgcc.a(_arm_cmpsf2.o)
 .bss           0x00000000        0x0 c:/program files/gnu tools arm embedded/4.8 2014q3/bin/../lib/gcc/arm-none-eabi/4.8.4/armv7-m\libgcc.a(_arm_cmpsf2.o)
 .data          0x00000000        0x0 c:/program files/gnu tools arm embedded/4.8 2014q3/bin/../lib/gcc/arm-none-eabi/4.8.4/armv7-m\libgcc.a(_arm_fixsfsi.o)
 .bss           0x00000000        0x0 c:/program files/gnu tools arm embedded/4.8 2014q3/bin/../lib/gcc/arm-none-eabi/4.8.4/armv7-m\libgcc.a(_arm_fixsfsi.o)
 .data          0x00000000        0x0 c:/program files/gnu tools arm embedded/4.8 2014q3/bin/../lib/gcc/arm-none-eabi/4.8.4/armv7-m\libgcc.a(_arm_fixunssfsi.o)
 .bss           0x00000000        0x0 c:/program files/gnu tools arm embedded/4.8 2014q3/bin/../lib/gcc/arm-none-eabi/4.8.4/armv7-m\libgcc.a(_arm_fixunssfsi.o)
 .text          0x00000000        0x0 c:/program files/gnu tools arm embedded/4.8 2014q3/bin/../lib/gcc/arm-none-eabi/4.8.4/../../../../arm-none-eabi/lib/armv7-m\libc.a(lib_a-memcmp.o)
 .data          0x00000000        0x0 c:/program files/gnu tools arm embedded/4.8 2014q3/bin/../lib/gcc/arm-none-eabi/4.8.4/../../../../arm-none-eabi/lib/armv7-m\libc.a(lib_a-memcmp.o)
 .bss           0x00000000        0x0 c:/program files/gnu tools arm embedded/4.8 2014q3/bin/../lib/gcc/arm-none-eabi/4.8.4/../../../../arm-none-eabi/lib/armv7-m\libc.a(lib_a-memcmp.o)
 .text          0x00000000        0x0 c:/program files/gnu tools arm embedded/4.8 2014q3/bin/../lib/gcc/arm-none-eabi/4.8.4/../../../../arm-none-eabi/lib/armv7-m\libc.a(lib_a-strlen.o)
 .data          0x00000000        0x0 c:/program files/gnu tools arm embedded/4.8 2014q3/bin/../lib/gcc/arm-none-eabi/4.8.4/../../../../arm-none-eabi/lib/armv7-m\libc.a(lib_a-strlen.o)
 .bss           0x00000000        0x0 c:/program files/gnu tools arm embedded/4.8 2014q3/bin/../lib/gcc/arm-none-eabi/4.8.4/../../../../arm-none-eabi/lib/armv7-m\libc.a(lib_a-strlen.o)

Memory Configuration

Name             Origin             Length             Attributes
rom              0x08002000         0x00020000         xr
ram              0x20000000         0x00002000         xrw
*default*        0x00000000         0xffffffff

Linker script and memory map

                0x20002000                _eram = 0x20002000

.text           0x08002000     0x397c
 *(.isr_vector)
 .isr_vector    0x08002000      0x124 ..\obj\startup_stm32f10x_md_vl.o
                0x08002000                g_pfnVectors
 *(.text*)
 .text.RTC_ITConfig
                0x08002124       0x20 ..\obj\stm32f10x_rtc.o
                0x08002124                RTC_ITConfig
 .text.RTC_EnterConfigMode
                0x08002144       0x14 ..\obj\stm32f10x_rtc.o
                0x08002144                RTC_EnterConfigMode
 .text.RTC_ExitConfigMode
                0x08002158       0x14 ..\obj\stm32f10x_rtc.o
                0x08002158                RTC_ExitConfigMode
 .text.RTC_GetCounter
                0x0800216c       0x14 ..\obj\stm32f10x_rtc.o
                0x0800216c                RTC_GetCounter
 .text.RTC_SetCounter
                0x08002180       0x1c ..\obj\stm32f10x_rtc.o
                0x08002180                RTC_SetCounter
 .text.RTC_SetPrescaler
                0x0800219c       0x20 ..\obj\stm32f10x_rtc.o
                0x0800219c                RTC_SetPrescaler
 .text.RTC_WaitForLastTask
                0x080021bc       0x14 ..\obj\stm32f10x_rtc.o
                0x080021bc                RTC_WaitForLastTask
 .text.RTC_WaitForSynchro
                0x080021d0       0x20 ..\obj\stm32f10x_rtc.o
                0x080021d0                RTC_WaitForSynchro
 .text.TIM_GetITStatus
                0x080021f0       0x18 ..\obj\stm32f10x_tim.o
                0x080021f0                TIM_GetITStatus
 .text.GlobalInit
                0x08002208      0x2a0 ..\obj\GlobalInit.o
                0x08002208                GlobalInit
 .text.Timer1_ReConfig
                0x080024a8       0x80 ..\obj\GlobalInit.o
                0x080024a8                Timer1_ReConfig
 .text.Timer1_GetFrequency
                0x08002528        0xc ..\obj\GlobalInit.o
                0x08002528                Timer1_GetFrequency
 .text.Jump_To_Bootloader
                0x08002534       0x4c ..\obj\GlobalInit.o
                0x08002534                Jump_To_Bootloader
 .text.CU_Pumps_Configuration
                0x08002580       0x94 ..\obj\pumps.o
                0x08002580                CU_Pumps_Configuration
 .text.CU_Pumps_UpdateState
                0x08002614       0x1c ..\obj\pumps.o
                0x08002614                CU_Pumps_UpdateState
 .text.CU_Pumps_SetState
                0x08002630      0x120 ..\obj\pumps.o
                0x08002630                CU_Pumps_SetState
 .text.Pumps_Read_WaterLevel
                0x08002750       0x28 ..\obj\pumps.o
                0x08002750                Pumps_Read_WaterLevel
 .text.CU_Pumps_EndState
                0x08002778       0xb0 ..\obj\pumps.o
                0x08002778                CU_Pumps_EndState
 .text.Default_Handler
                0x08002828        0x4 ..\obj\startup_stm32f10x_md_vl.o
                0x08002828                EXTI2_IRQHandler
                0x08002828                TIM1_CC_IRQHandler
                0x08002828                PVD_IRQHandler
                0x08002828                EXTI3_IRQHandler
                0x08002828                EXTI0_IRQHandler
                0x08002828                I2C2_EV_IRQHandler
                0x08002828                SPI1_IRQHandler
                0x08002828                TAMPER_IRQHandler
                0x08002828                TIM6_DAC_IRQHandler
                0x08002828                DMA1_Channel4_IRQHandler
                0x08002828                ADC1_IRQHandler
                0x08002828                USART3_IRQHandler
                0x08002828                DMA1_Channel7_IRQHandler
                0x08002828                I2C1_EV_IRQHandler
                0x08002828                DMA1_Channel6_IRQHandler
                0x08002828                TIM3_IRQHandler
                0x08002828                RCC_IRQHandler
                0x08002828                CEC_IRQHandler
                0x08002828                EXTI15_10_IRQHandler
                0x08002828                TIM7_IRQHandler
                0x08002828                SPI2_IRQHandler
                0x08002828                EXTI4_IRQHandler
                0x08002828                TIM1_TRG_COM_TIM17_IRQHandler
                0x08002828                DMA1_Channel3_IRQHandler
                0x08002828                WWDG_IRQHandler
                0x08002828                TIM2_IRQHandler
                0x08002828                EXTI1_IRQHandler
                0x08002828                RTCAlarm_IRQHandler
                0x08002828                USART2_IRQHandler
                0x08002828                I2C2_ER_IRQHandler
                0x08002828                DMA1_Channel2_IRQHandler
                0x08002828                FLASH_IRQHandler
                0x08002828                USART1_IRQHandler
                0x08002828                I2C1_ER_IRQHandler
                0x08002828                TIM1_BRK_TIM15_IRQHandler
 .text.Default_Reset_Handler
                0x0800282c       0x5c ..\obj\startup_stm32f10x_md_vl.o
                0x0800282c                Default_Reset_Handler
                0x0800282c                Reset_Handler
 .text.SystemInit
                0x08002888       0xe0 ..\obj\system_stm32f10x.o
                0x08002888                SystemInit
 .text.PWR_BackupAccessCmd
                0x08002968        0xc ..\obj\stm32f10x_pwr.o
                0x08002968                PWR_BackupAccessCmd
 .text.CU_Selector_Configuration
                0x08002974       0x74 ..\obj\selector.o
                0x08002974                CU_Selector_Configuration
 .text.CU_Selector_Read
                0x080029e8       0x78 ..\obj\selector.o
                0x080029e8                CU_Selector_Read
 .text.GPIO_Init
                0x08002a60       0xa4 ..\obj\stm32f10x_gpio.o
                0x08002a60                GPIO_Init
 .text.GPIO_ReadInputDataBit
                0x08002b04        0xc ..\obj\stm32f10x_gpio.o
                0x08002b04                GPIO_ReadInputDataBit
 .text.GPIO_ReadInputData
                0x08002b10        0x8 ..\obj\stm32f10x_gpio.o
                0x08002b10                GPIO_ReadInputData
 .text.GPIO_SetBits
                0x08002b18        0x4 ..\obj\stm32f10x_gpio.o
                0x08002b18                GPIO_SetBits
 .text.GPIO_ResetBits
                0x08002b1c        0x4 ..\obj\stm32f10x_gpio.o
                0x08002b1c                GPIO_ResetBits
 .text.GPIO_PinLockConfig
                0x08002b20       0x10 ..\obj\stm32f10x_gpio.o
                0x08002b20                GPIO_PinLockConfig
 .text.GPIO_PinRemapConfig
                0x08002b30       0x70 ..\obj\stm32f10x_gpio.o
                0x08002b30                GPIO_PinRemapConfig
 .text.GPIO_EXTILineConfig
                0x08002ba0       0x30 ..\obj\stm32f10x_gpio.o
                0x08002ba0                GPIO_EXTILineConfig
 .text.main     0x08002bd0      0x39c ..\obj\main.o
                0x08002bd0                main
 .text.RCC_ADCCLKConfig
                0x08002f6c       0x14 ..\obj\stm32f10x_rcc.o
                0x08002f6c                RCC_ADCCLKConfig
 .text.RCC_RTCCLKConfig
                0x08002f80       0x10 ..\obj\stm32f10x_rcc.o
                0x08002f80                RCC_RTCCLKConfig
 .text.RCC_RTCCLKCmd
                0x08002f90        0xc ..\obj\stm32f10x_rcc.o
                0x08002f90                RCC_RTCCLKCmd
 .text.RCC_GetClocksFreq
                0x08002f9c       0xb4 ..\obj\stm32f10x_rcc.o
                0x08002f9c                RCC_GetClocksFreq
 .text.RCC_AHBPeriphClockCmd
                0x08003050       0x1c ..\obj\stm32f10x_rcc.o
                0x08003050                RCC_AHBPeriphClockCmd
 .text.RCC_APB2PeriphClockCmd
                0x0800306c       0x1c ..\obj\stm32f10x_rcc.o
                0x0800306c                RCC_APB2PeriphClockCmd
 .text.RCC_APB1PeriphClockCmd
                0x08003088       0x1c ..\obj\stm32f10x_rcc.o
                0x08003088                RCC_APB1PeriphClockCmd
 .text.RCC_APB2PeriphResetCmd
                0x080030a4       0x1c ..\obj\stm32f10x_rcc.o
                0x080030a4                RCC_APB2PeriphResetCmd
 .text.CU_Motor_Configuration
                0x080030c0       0xe8 ..\obj\motor.o
                0x080030c0                CU_Motor_Configuration
 .text.CU_Motor_GetState
                0x080031a8        0x8 ..\obj\motor.o
                0x080031a8                CU_Motor_GetState
 .text.CU_Motor_Tachometr_Processing
                0x080031b0       0x68 ..\obj\motor.o
                0x080031b0                CU_Motor_Tachometr_Processing
 .text.CU_Motor_GetTachoSpeed
                0x08003218       0x14 ..\obj\motor.o
                0x08003218                CU_Motor_GetTachoSpeed
 .text.CU_Motor_Reset
                0x0800322c       0x14 ..\obj\motor.o
                0x0800322c                CU_Motor_Reset
 .text.CU_Motor_OFF
                0x08003240       0x5c ..\obj\motor.o
 .text.CU_Motor_SetState
                0x0800329c       0xac ..\obj\motor.o
                0x0800329c                CU_Motor_SetState
 .text.EXTI_Init
                0x08003348       0x90 ..\obj\stm32f10x_exti.o
                0x08003348                EXTI_Init
 .text.ADC_DeInit
                0x080033d8       0x64 ..\obj\stm32f10x_adc.o
                0x080033d8                ADC_DeInit
 .text.ADC_Init
                0x0800343c       0x4c ..\obj\stm32f10x_adc.o
                0x0800343c                ADC_Init
 .text.ADC_Cmd  0x08003488       0x18 ..\obj\stm32f10x_adc.o
                0x08003488                ADC_Cmd
 .text.ADC_DMACmd
                0x080034a0       0x18 ..\obj\stm32f10x_adc.o
                0x080034a0                ADC_DMACmd
 .text.ADC_ResetCalibration
                0x080034b8        0xc ..\obj\stm32f10x_adc.o
                0x080034b8                ADC_ResetCalibration
 .text.ADC_GetResetCalibrationStatus
                0x080034c4        0x8 ..\obj\stm32f10x_adc.o
                0x080034c4                ADC_GetResetCalibrationStatus
 .text.ADC_StartCalibration
                0x080034cc        0xc ..\obj\stm32f10x_adc.o
                0x080034cc                ADC_StartCalibration
 .text.ADC_GetCalibrationStatus
                0x080034d8        0x8 ..\obj\stm32f10x_adc.o
                0x080034d8                ADC_GetCalibrationStatus
 .text.ADC_SoftwareStartConvCmd
                0x080034e0       0x18 ..\obj\stm32f10x_adc.o
                0x080034e0                ADC_SoftwareStartConvCmd
 .text.ADC_RegularChannelConfig
                0x080034f8       0x94 ..\obj\stm32f10x_adc.o
                0x080034f8                ADC_RegularChannelConfig
 .text.ADC_GetConversionValue
                0x0800358c        0x8 ..\obj\stm32f10x_adc.o
                0x0800358c                ADC_GetConversionValue
 .text.ADC_GetFlagStatus
                0x08003594        0xc ..\obj\stm32f10x_adc.o
                0x08003594                ADC_GetFlagStatus
 .text.USART_Init
                0x080035a0       0xc4 ..\obj\stm32f10x_usart.o
                0x080035a0                USART_Init
 .text.USART_Cmd
                0x08003664       0x1c ..\obj\stm32f10x_usart.o
                0x08003664                USART_Cmd
 .text.USART_DMACmd
                0x08003680       0x18 ..\obj\stm32f10x_usart.o
                0x08003680                USART_DMACmd
 .text.USART_SendData
                0x08003698        0x8 ..\obj\stm32f10x_usart.o
                0x08003698                USART_SendData
 .text.USART_GetFlagStatus
                0x080036a0        0xc ..\obj\stm32f10x_usart.o
                0x080036a0                USART_GetFlagStatus
 .text.CU_Heater_Configuration
                0x080036ac      0x134 ..\obj\heater.o
                0x080036ac                CU_Heater_Configuration
 .text.CU_Heater_SetState
                0x080037e0      0x114 ..\obj\heater.o
                0x080037e0                CU_Heater_SetState
 .text.CU_Heater_SetTerhmisorValue
                0x080038f4       0xa8 ..\obj\heater.o
                0x080038f4                CU_Heater_SetTerhmisorValue
 .text.FLASH_Unlock
                0x0800399c       0x18 ..\obj\stm32f10x_flash.o
                0x0800399c                FLASH_Unlock
 .text.FLASH_Lock
                0x080039b4       0x10 ..\obj\stm32f10x_flash.o
                0x080039b4                FLASH_Lock
 .text.FLASH_GetBank1Status
                0x080039c4       0x34 ..\obj\stm32f10x_flash.o
                0x080039c4                FLASH_GetBank1Status
 .text.FLASH_WaitForLastOperation
                0x080039f8       0x24 ..\obj\stm32f10x_flash.o
                0x080039f8                FLASH_WaitForLastOperation
 .text.FLASH_ErasePage
                0x08003a1c       0x40 ..\obj\stm32f10x_flash.o
                0x08003a1c                FLASH_ErasePage
 .text.FLASH_ProgramWord
                0x08003a5c       0x6c ..\obj\stm32f10x_flash.o
                0x08003a5c                FLASH_ProgramWord
 .text.NMI_Handler
                0x08003ac8        0x4 ..\obj\stm32f10x_it.o
                0x08003ac8                NMI_Handler
 .text.HardFault_Handler
                0x08003acc        0x4 ..\obj\stm32f10x_it.o
                0x08003acc                HardFault_Handler
 .text.MemManage_Handler
                0x08003ad0        0x4 ..\obj\stm32f10x_it.o
                0x08003ad0                MemManage_Handler
 .text.BusFault_Handler
                0x08003ad4        0x4 ..\obj\stm32f10x_it.o
                0x08003ad4                BusFault_Handler
 .text.UsageFault_Handler
                0x08003ad8        0x4 ..\obj\stm32f10x_it.o
                0x08003ad8                UsageFault_Handler
 .text.SVC_Handler
                0x08003adc        0x4 ..\obj\stm32f10x_it.o
                0x08003adc                SVC_Handler
 .text.DebugMon_Handler
                0x08003ae0        0x4 ..\obj\stm32f10x_it.o
                0x08003ae0                DebugMon_Handler
 .text.PendSV_Handler
                0x08003ae4        0x4 ..\obj\stm32f10x_it.o
                0x08003ae4                PendSV_Handler
 .text.SysTick_Handler
                0x08003ae8        0x4 ..\obj\stm32f10x_it.o
                0x08003ae8                SysTick_Handler
 .text.RTC_IRQHandler
                0x08003aec       0x68 ..\obj\stm32f10x_it.o
                0x08003aec                RTC_IRQHandler
 .text.TIM1_UP_TIM16_IRQHandler
                0x08003b54       0x3c ..\obj\stm32f10x_it.o
                0x08003b54                TIM1_UP_TIM16_IRQHandler
 .text.TIM4_IRQHandler
                0x08003b90       0x40 ..\obj\stm32f10x_it.o
                0x08003b90                TIM4_IRQHandler
 .text.EXTI9_5_IRQHandler
                0x08003bd0      0x170 ..\obj\stm32f10x_it.o
                0x08003bd0                EXTI9_5_IRQHandler
 .text.DMA1_Channel1_IRQHandler
                0x08003d40       0x74 ..\obj\stm32f10x_it.o
                0x08003d40                DMA1_Channel1_IRQHandler
 .text.DMA1_Channel5_IRQHandler
                0x08003db4       0x24 ..\obj\stm32f10x_it.o
                0x08003db4                DMA1_Channel5_IRQHandler
 .text.USARTSend
                0x08003dd8       0x2c ..\obj\debug.o
                0x08003dd8                USARTSend
 .text.Debug_Send_String
                0x08003e04       0x14 ..\obj\debug.o
                0x08003e04                Debug_Send_String
 .text.ConvertToString
                0x08003e18       0x8c ..\obj\debug.o
                0x08003e18                ConvertToString
 .text.Debug_Send_Time
                0x08003ea4       0x9c ..\obj\debug.o
                0x08003ea4                Debug_Send_Time
 .text.DMA_DeInit
                0x08003f40      0x120 ..\obj\stm32f10x_dma.o
                0x08003f40                DMA_DeInit
 .text.DMA_Init
                0x08004060       0x40 ..\obj\stm32f10x_dma.o
                0x08004060                DMA_Init
 .text.DMA_Cmd  0x080040a0       0x1c ..\obj\stm32f10x_dma.o
                0x080040a0                DMA_Cmd
 .text.DMA_ITConfig
                0x080040bc       0x14 ..\obj\stm32f10x_dma.o
                0x080040bc                DMA_ITConfig
 .text.delay_us
                0x080040d0       0x14 ..\obj\systick.o
                0x080040d0                delay_us
 .text.delay_ms
                0x080040e4       0x1c ..\obj\systick.o
                0x080040e4                delay_ms
 .text.CU_Program_EndStop
                0x08004100       0x44 ..\obj\Program.o
 .text.CU_Program_ReadUserTempControl
                0x08004144      0x14c ..\obj\Program.o
                0x08004144                CU_Program_ReadUserTempControl
 .text.CU_Program_NextSM
                0x08004290       0xcc ..\obj\Program.o
                0x08004290                CU_Program_NextSM
 .text.CU_Program_Configuration
                0x0800435c       0xcc ..\obj\Program.o
                0x0800435c                CU_Program_Configuration
 .text.CU_Program_EndSM
                0x08004428       0x1c ..\obj\Program.o
                0x08004428                CU_Program_EndSM
 .text.CU_Program_CalcEndTime
                0x08004444       0x1c ..\obj\Program.o
                0x08004444                CU_Program_CalcEndTime
 .text.CU_GetProgram
                0x08004460        0x8 ..\obj\Program.o
                0x08004460                CU_GetProgram
 .text.CU_Program_GetActiveStep
                0x08004468        0x8 ..\obj\Program.o
                0x08004468                CU_Program_GetActiveStep
 .text          0x08004470      0x370 c:/program files/gnu tools arm embedded/4.8 2014q3/bin/../lib/gcc/arm-none-eabi/4.8.4/armv7-m\libgcc.a(_arm_addsubdf3.o)
                0x08004470                __aeabi_drsub
                0x08004478                __aeabi_dsub
                0x08004478                __subdf3
                0x0800447c                __aeabi_dadd
                0x0800447c                __adddf3
                0x080046f4                __floatunsidf
                0x080046f4                __aeabi_ui2d
                0x08004714                __floatsidf
                0x08004714                __aeabi_i2d
                0x08004738                __aeabi_f2d
                0x08004738                __extendsfdf2
                0x08004774                __floatundidf
                0x08004774                __aeabi_ul2d
                0x08004784                __floatdidf
                0x08004784                __aeabi_l2d
 .text          0x080047e0      0x424 c:/program files/gnu tools arm embedded/4.8 2014q3/bin/../lib/gcc/arm-none-eabi/4.8.4/armv7-m\libgcc.a(_arm_muldivdf3.o)
                0x080047e0                __aeabi_dmul
                0x080047e0                __muldf3
                0x08004a34                __divdf3
                0x08004a34                __aeabi_ddiv
 .text          0x08004c04       0x40 c:/program files/gnu tools arm embedded/4.8 2014q3/bin/../lib/gcc/arm-none-eabi/4.8.4/armv7-m\libgcc.a(_arm_fixunsdfsi.o)
                0x08004c04                __aeabi_d2uiz
                0x08004c04                __fixunsdfsi
 .text          0x08004c44       0xa0 c:/program files/gnu tools arm embedded/4.8 2014q3/bin/../lib/gcc/arm-none-eabi/4.8.4/armv7-m\libgcc.a(_arm_truncdfsf2.o)
                0x08004c44                __truncdfsf2
                0x08004c44                __aeabi_d2f
 .text          0x08004ce4      0x21c c:/program files/gnu tools arm embedded/4.8 2014q3/bin/../lib/gcc/arm-none-eabi/4.8.4/armv7-m\libgcc.a(_arm_addsubsf3.o)
                0x08004ce4                __aeabi_frsub
                0x08004cec                __subsf3
                0x08004cec                __aeabi_fsub
                0x08004cf0                __aeabi_fadd
                0x08004cf0                __addsf3
                0x08004e50                __aeabi_ui2f
                0x08004e50                __floatunsisf
                0x08004e58                __aeabi_i2f
                0x08004e58                __floatsisf
                0x08004e74                __aeabi_ul2f
                0x08004e74                __floatundisf
                0x08004e84                __aeabi_l2f
                0x08004e84                __floatdisf
 .text          0x08004f00      0x2a0 c:/program files/gnu tools arm embedded/4.8 2014q3/bin/../lib/gcc/arm-none-eabi/4.8.4/armv7-m\libgcc.a(_arm_muldivsf3.o)
                0x08004f00                __mulsf3
                0x08004f00                __aeabi_fmul
                0x08005068                __aeabi_fdiv
                0x08005068                __divsf3
 .text          0x080051a0       0xec c:/program files/gnu tools arm embedded/4.8 2014q3/bin/../lib/gcc/arm-none-eabi/4.8.4/armv7-m\libgcc.a(_arm_cmpsf2.o)
                0x080051a0                __gesf2
                0x080051a0                __gtsf2
                0x080051a8                __lesf2
                0x080051a8                __ltsf2
                0x080051b0                __nesf2
                0x080051b0                __eqsf2
                0x080051b0                __cmpsf2
                0x08005210                __aeabi_cfrcmple
                0x08005218                __aeabi_cfcmpeq
                0x08005218                __aeabi_cfcmple
                0x08005228                __aeabi_fcmpeq
                0x0800523c                __aeabi_fcmplt
                0x08005250                __aeabi_fcmple
                0x08005264                __aeabi_fcmpge
                0x08005278                __aeabi_fcmpgt
 .text          0x0800528c       0x4c c:/program files/gnu tools arm embedded/4.8 2014q3/bin/../lib/gcc/arm-none-eabi/4.8.4/armv7-m\libgcc.a(_arm_fixsfsi.o)
                0x0800528c                __aeabi_f2iz
                0x0800528c                __fixsfsi
 .text          0x080052d8       0x40 c:/program files/gnu tools arm embedded/4.8 2014q3/bin/../lib/gcc/arm-none-eabi/4.8.4/armv7-m\libgcc.a(_arm_fixunssfsi.o)
                0x080052d8                __fixunssfsi
                0x080052d8                __aeabi_f2uiz
 .text.memcmp   0x08005318       0x68 c:/program files/gnu tools arm embedded/4.8 2014q3/bin/../lib/gcc/arm-none-eabi/4.8.4/../../../../arm-none-eabi/lib/armv7-m\libc.a(lib_a-memcmp.o)
                0x08005318                memcmp
 .text.strlen   0x08005380       0x60 c:/program files/gnu tools arm embedded/4.8 2014q3/bin/../lib/gcc/arm-none-eabi/4.8.4/../../../../arm-none-eabi/lib/armv7-m\libc.a(lib_a-strlen.o)
                0x08005380                strlen
 *(.init)
 *(.fini)
 *crtbegin.o(.ctors)
 *crtbegin?.o(.ctors)
 *(EXCLUDE_FILE(*crtend.o *crtend?.o) .ctors)
 *(SORT(.ctors.*))
 *(.ctors)
 *crtbegin.o(.dtors)
 *crtbegin?.o(.dtors)
 *(EXCLUDE_FILE(*crtend.o *crtend?.o) .dtors)
 *(SORT(.dtors.*))
 *(.dtors)
 *(.rodata*)
 .rodata.str1.4
                0x080053e0       0x1b ..\obj\GlobalInit.o
                                 0x20 (size before relaxing)
 *fill*         0x080053fb        0x1 
 .rodata.str1.4
                0x080053fc      0x1bc ..\obj\pumps.o
 .rodata        0x080055b8       0x20 ..\obj\selector.o
                0x080055b8                selectorProgramCodes
 .rodata.str1.4
                0x080055d8       0x8d ..\obj\main.o
                                 0x90 (size before relaxing)
 *fill*         0x08005665        0x3 
 .rodata        0x08005668       0x24 ..\obj\programs_data.o
                0x08005668                sm_program_2_sequence
                0x08005674                sm_program_1_sequence
 .rodata.str1.4
                0x0800568c       0xa6 ..\obj\heater.o
                                 0xa8 (size before relaxing)
 *fill*         0x08005732        0x2 
 .rodata        0x08005734       0xb4 ..\obj\debug.o
 .rodata.str1.4
                0x080057e8      0x194 ..\obj\Program.o
 *(.eh_fram e*)

.glue_7         0x0800597c        0x0
 .glue_7        0x00000000        0x0 linker stubs

.glue_7t        0x0800597c        0x0
 .glue_7t       0x00000000        0x0 linker stubs

.vfp11_veneer   0x0800597c        0x0
 .vfp11_veneer  0x00000000        0x0 linker stubs

.v4_bx          0x0800597c        0x0
 .v4_bx         0x00000000        0x0 linker stubs

.iplt           0x0800597c        0x0
 .iplt          0x00000000        0x0 ..\obj\stm32f10x_rtc.o

.rel.dyn        0x0800597c        0x0
 .rel.iplt      0x00000000        0x0 ..\obj\stm32f10x_rtc.o

.ARM.extab
 *(.ARM.extab* .gnu.linkonce.armextab.*)
                0x0800597c                __exidx_start = .

.ARM.exidx
 *(.ARM.exidx* .gnu.linkonce.armexidx.*)
                0x0800597c                __exidx_end = .
                0x0800597c                __etext = .
                0x0800597c                _sidata = __etext

.data           0x20000000      0x1a8 load address 0x0800597c
                0x20000000                __data_start__ = .
                0x20000000                _sdata = __data_start__
 *(vtable)
 *(.data*)
 .data          0x20000000       0x14 ..\obj\system_stm32f10x.o
                0x20000000                SystemCoreClock
                0x20000004                AHBPrescTable
 .data          0x20000014       0x14 ..\obj\main.o
                0x20000018                dbg_str
 .data          0x20000028      0x150 ..\obj\programs_data.o
                0x20000028                All_Programs
                0x20000030                Program_2
                0x20000048                sm_program_2
                0x200000ac                Program_1
                0x200000c4                sm_program_1
 .data          0x20000178       0x14 ..\obj\stm32f10x_rcc.o
 .data          0x2000018c        0x8 ..\obj\motor.o
                0x2000018c                MP_Coeff
                0x20000190                MD_Coeff
 .data          0x20000194        0x1 ..\obj\stm32f10x_it.o
 *fill*         0x20000195        0x3 
 .data          0x20000198       0x10 ..\obj\Program.o
                0x20000198                prg_dbg_str
                0x200001a8                . = ALIGN (0x4)
                0x200001a8                PROVIDE (__preinit_array_start, .)
 *(.preinit_array)
                0x200001a8                PROVIDE (__preinit_array_end, .)
                0x200001a8                . = ALIGN (0x4)
                0x200001a8                PROVIDE (__init_array_start, .)
 *(SORT(.init_array.*))
 *(.init_array)
                0x200001a8                PROVIDE (__init_array_end, .)
                0x200001a8                . = ALIGN (0x4)
                0x200001a8                PROVIDE (__fini_array_start, .)
 *(SORT(.fini_array.*))
 *(.fini_array)
                0x200001a8                PROVIDE (__fini_array_end, .)
 *(.jcr*)
                0x200001a8                . = ALIGN (0x4)
                0x200001a8                __data_end__ = .
                0x200001a8                _edata = __data_end__

.igot.plt       0x200001a8        0x0 load address 0x08005b24
 .igot.plt      0x00000000        0x0 ..\obj\stm32f10x_rtc.o

.bss            0x200001a8      0x124 load address 0x08005b24
                0x200001a8                . = ALIGN (0x4)
                0x200001a8                __bss_start__ = .
                0x200001a8                _sbss = __bss_start__
 *(.bss*)
 .bss           0x200001a8        0xc ..\obj\GlobalInit.o
                0x200001a8                USART_RxBuffer
                0x200001b0                TIM1_Frequency
 .bss           0x200001b4        0x4 ..\obj\pumps.o
                0x200001b4                Pumps_ActiveState
 .bss           0x200001b8        0x8 ..\obj\main.o
                0x200001b8                rtc_sm_end_counter
                0x200001bc                DMA_USART_Recive_Complete
                0x200001bd                tData
                0x200001be                RTC_Sec_Event
 .bss           0x200001c0        0xc ..\obj\motor.o
                0x200001c0                ActiveState
                0x200001c8                tacho_current_speed
 .bss           0x200001cc       0xd0 ..\obj\heater.o
                0x200001cc                Heater_ADCConvertedValue
                0x20000294                Heater_ActiveState
 .bss           0x2000029c       0x14 ..\obj\stm32f10x_it.o
                0x2000029c                tachometr_counter
 .bss           0x200002b0       0x1c ..\obj\Program.o
                0x200002b0                SelectedProgram
                0x200002c8                prg_step
 *(COMMON)
                0x200002cc                . = ALIGN (0x4)
                0x200002cc                __bss_end__ = .
                0x200002cc                _ebss = __bss_end__

.heap           0x200002cc        0x0
                0x200002cc                __end__ = .
                0x200002cc                _end = __end__
                0x200002cc                end = __end__
 *(.heap*)
                0x200002cc                __HeapLimit = .

.co_stack       0x200002cc      0x404 load address 0x08005c48
                0x200002d0                . = ALIGN (0x8)
 *fill*         0x200002cc        0x4 
 *(.co_stack .co_stack.*)
 .co_stack      0x200002d0      0x400 ..\obj\startup_stm32f10x_md_vl.o
                0x200002d0                pulStack
                0x20002000                __StackTop = (ORIGIN (ram) + 0x2000)
                0x20001bfc                __StackLimit = (__StackTop - SIZEOF (.co_stack))
                0x20002000                PROVIDE (__stack, __StackTop)
                0x00000001                ASSERT ((__StackLimit >= __HeapLimit), region ram  overflowed with stack)
LOAD ..\obj\stm32f10x_rtc.o
LOAD ..\obj\stm32f10x_tim.o
LOAD ..\obj\GlobalInit.o
LOAD ..\obj\pumps.o
LOAD ..\obj\startup_stm32f10x_md_vl.o
LOAD ..\obj\system_stm32f10x.o
LOAD ..\obj\stm32f10x_pwr.o
LOAD ..\obj\selector.o
LOAD ..\obj\stm32f10x_gpio.o
LOAD ..\obj\main.o
LOAD ..\obj\programs_data.o
LOAD ..\obj\printf.o
LOAD ..\obj\stm32f10x_rcc.o
LOAD ..\obj\motor.o
LOAD ..\obj\stm32f10x_exti.o
LOAD ..\obj\stm32f10x_adc.o
LOAD ..\obj\stm32f10x_usart.o
LOAD ..\obj\heater.o
LOAD ..\obj\syscalls.o
LOAD ..\obj\stm32f10x_flash.o
LOAD ..\obj\stm32f10x_it.o
LOAD ..\obj\debug.o
LOAD ..\obj\stm32f10x_dma.o
LOAD ..\obj\misc.o
LOAD ..\obj\systick.o
LOAD ..\obj\stm32f10x_systick.o
LOAD ..\obj\Program.o
LOAD c:/program files/gnu tools arm embedded/4.8 2014q3/bin/../lib/gcc/arm-none-eabi/4.8.4/../../../../arm-none-eabi/lib/armv7-m\libm.a
LOAD c:/program files/gnu tools arm embedded/4.8 2014q3/bin/../lib/gcc/arm-none-eabi/4.8.4/armv7-m\libgcc.a
LOAD c:/program files/gnu tools arm embedded/4.8 2014q3/bin/../lib/gcc/arm-none-eabi/4.8.4/../../../../arm-none-eabi/lib/armv7-m\libc.a
LOAD c:/program files/gnu tools arm embedded/4.8 2014q3/bin/../lib/gcc/arm-none-eabi/4.8.4/../../../../arm-none-eabi/lib/armv7-m\libnosys.a
START GROUP
LOAD c:/program files/gnu tools arm embedded/4.8 2014q3/bin/../lib/gcc/arm-none-eabi/4.8.4/armv7-m\libgcc.a
LOAD c:/program files/gnu tools arm embedded/4.8 2014q3/bin/../lib/gcc/arm-none-eabi/4.8.4/../../../../arm-none-eabi/lib/armv7-m\libg.a
LOAD c:/program files/gnu tools arm embedded/4.8 2014q3/bin/../lib/gcc/arm-none-eabi/4.8.4/../../../../arm-none-eabi/lib/armv7-m\libc.a
END GROUP
OUTPUT(CU.elf elf32-littlearm)

.debug_info     0x00000000     0xe608
 .debug_info    0x00000000      0x475 ..\obj\stm32f10x_rtc.o
 .debug_info    0x00000475     0x2251 ..\obj\stm32f10x_tim.o
 .debug_info    0x000026c6     0x1354 ..\obj\GlobalInit.o
 .debug_info    0x00003a1a      0x8ec ..\obj\pumps.o
 .debug_info    0x00004306      0x116 ..\obj\startup_stm32f10x_md_vl.o
 .debug_info    0x0000441c      0x447 ..\obj\system_stm32f10x.o
 .debug_info    0x00004863      0x4cd ..\obj\stm32f10x_pwr.o
 .debug_info    0x00004d30      0x3cd ..\obj\selector.o
 .debug_info    0x000050fd      0x885 ..\obj\stm32f10x_gpio.o
 .debug_info    0x00005982      0xb33 ..\obj\main.o
 .debug_info    0x000064b5      0x368 ..\obj\programs_data.o
 .debug_info    0x0000681d      0x932 ..\obj\stm32f10x_rcc.o
 .debug_info    0x0000714f      0xe32 ..\obj\motor.o
 .debug_info    0x00007f81      0x344 ..\obj\stm32f10x_exti.o
 .debug_info    0x000082c5      0xc26 ..\obj\stm32f10x_adc.o
 .debug_info    0x00008eeb      0xb3a ..\obj\stm32f10x_usart.o
 .debug_info    0x00009a25     0x1152 ..\obj\heater.o
 .debug_info    0x0000ab77      0xa00 ..\obj\stm32f10x_flash.o
 .debug_info    0x0000b577      0xbc1 ..\obj\stm32f10x_it.o
 .debug_info    0x0000c138     0x107a ..\obj\debug.o
 .debug_info    0x0000d1b2      0x470 ..\obj\stm32f10x_dma.o
 .debug_info    0x0000d622      0x289 ..\obj\systick.o
 .debug_info    0x0000d8ab      0xd5d ..\obj\Program.o

.debug_abbrev   0x00000000     0x2d73
 .debug_abbrev  0x00000000      0x18d ..\obj\stm32f10x_rtc.o
 .debug_abbrev  0x0000018d      0x295 ..\obj\stm32f10x_tim.o
 .debug_abbrev  0x00000422      0x319 ..\obj\GlobalInit.o
 .debug_abbrev  0x0000073b      0x1da ..\obj\pumps.o
 .debug_abbrev  0x00000915       0xe1 ..\obj\startup_stm32f10x_md_vl.o
 .debug_abbrev  0x000009f6      0x16e ..\obj\system_stm32f10x.o
 .debug_abbrev  0x00000b64      0x1b2 ..\obj\stm32f10x_pwr.o
 .debug_abbrev  0x00000d16      0x1dd ..\obj\selector.o
 .debug_abbrev  0x00000ef3      0x1f0 ..\obj\stm32f10x_gpio.o
 .debug_abbrev  0x000010e3      0x261 ..\obj\main.o
 .debug_abbrev  0x00001344       0xc4 ..\obj\programs_data.o
 .debug_abbrev  0x00001408      0x1e0 ..\obj\stm32f10x_rcc.o
 .debug_abbrev  0x000015e8      0x380 ..\obj\motor.o
 .debug_abbrev  0x00001968      0x160 ..\obj\stm32f10x_exti.o
 .debug_abbrev  0x00001ac8      0x1d8 ..\obj\stm32f10x_adc.o
 .debug_abbrev  0x00001ca0      0x1da ..\obj\stm32f10x_usart.o
 .debug_abbrev  0x00001e7a      0x2a5 ..\obj\heater.o
 .debug_abbrev  0x0000211f      0x1ad ..\obj\stm32f10x_flash.o
 .debug_abbrev  0x000022cc      0x303 ..\obj\stm32f10x_it.o
 .debug_abbrev  0x000025cf      0x286 ..\obj\debug.o
 .debug_abbrev  0x00002855      0x164 ..\obj\stm32f10x_dma.o
 .debug_abbrev  0x000029b9      0x14d ..\obj\systick.o
 .debug_abbrev  0x00002b06      0x26d ..\obj\Program.o

.debug_loc      0x00000000     0x5935
 .debug_loc     0x00000000      0x22f ..\obj\stm32f10x_rtc.o
 .debug_loc     0x0000022f     0x1c94 ..\obj\stm32f10x_tim.o
 .debug_loc     0x00001ec3       0x1e ..\obj\GlobalInit.o
 .debug_loc     0x00001ee1      0x197 ..\obj\pumps.o
 .debug_loc     0x00002078       0x22 ..\obj\startup_stm32f10x_md_vl.o
 .debug_loc     0x0000209a      0x136 ..\obj\system_stm32f10x.o
 .debug_loc     0x000021d0      0x111 ..\obj\stm32f10x_pwr.o
 .debug_loc     0x000022e1      0x4d9 ..\obj\stm32f10x_gpio.o
 .debug_loc     0x000027ba       0xd7 ..\obj\main.o
 .debug_loc     0x00002891      0x79a ..\obj\stm32f10x_rcc.o
 .debug_loc     0x0000302b      0x1fa ..\obj\motor.o
 .debug_loc     0x00003225      0x1d4 ..\obj\stm32f10x_exti.o
 .debug_loc     0x000033f9      0xaea ..\obj\stm32f10x_adc.o
 .debug_loc     0x00003ee3      0x7cf ..\obj\stm32f10x_usart.o
 .debug_loc     0x000046b2      0x16f ..\obj\heater.o
 .debug_loc     0x00004821      0x97e ..\obj\stm32f10x_flash.o
 .debug_loc     0x0000519f      0x117 ..\obj\stm32f10x_it.o
 .debug_loc     0x000052b6      0x34c ..\obj\debug.o
 .debug_loc     0x00005602      0x183 ..\obj\stm32f10x_dma.o
 .debug_loc     0x00005785       0x42 ..\obj\systick.o
 .debug_loc     0x000057c7      0x16e ..\obj\Program.o

.debug_aranges  0x00000000      0xca8
 .debug_aranges
                0x00000000       0x88 ..\obj\stm32f10x_rtc.o
 .debug_aranges
                0x00000088      0x2e0 ..\obj\stm32f10x_tim.o
 .debug_aranges
                0x00000368       0x38 ..\obj\GlobalInit.o
 .debug_aranges
                0x000003a0       0x48 ..\obj\pumps.o
 .debug_aranges
                0x000003e8       0x28 ..\obj\startup_stm32f10x_md_vl.o
 .debug_aranges
                0x00000410       0x28 ..\obj\system_stm32f10x.o
 .debug_aranges
                0x00000438       0x60 ..\obj\stm32f10x_pwr.o
 .debug_aranges
                0x00000498       0x38 ..\obj\selector.o
 .debug_aranges
                0x000004d0       0xa8 ..\obj\stm32f10x_gpio.o
 .debug_aranges
                0x00000578       0x20 ..\obj\main.o
 .debug_aranges
                0x00000598       0x18 ..\obj\programs_data.o
 .debug_aranges
                0x000005b0      0x120 ..\obj\stm32f10x_rcc.o
 .debug_aranges
                0x000006d0       0x50 ..\obj\motor.o
 .debug_aranges
                0x00000720       0x58 ..\obj\stm32f10x_exti.o
 .debug_aranges
                0x00000778      0x138 ..\obj\stm32f10x_adc.o
 .debug_aranges
                0x000008b0      0x100 ..\obj\stm32f10x_usart.o
 .debug_aranges
                0x000009b0       0x38 ..\obj\heater.o
 .debug_aranges
                0x000009e8       0xf8 ..\obj\stm32f10x_flash.o
 .debug_aranges
                0x00000ae0       0x90 ..\obj\stm32f10x_it.o
 .debug_aranges
                0x00000b70       0x40 ..\obj\debug.o
 .debug_aranges
                0x00000bb0       0x70 ..\obj\stm32f10x_dma.o
 .debug_aranges
                0x00000c20       0x30 ..\obj\systick.o
 .debug_aranges
                0x00000c50       0x58 ..\obj\Program.o

.debug_ranges   0x00000000      0xb60
 .debug_ranges  0x00000000       0x78 ..\obj\stm32f10x_rtc.o
 .debug_ranges  0x00000078      0x2d0 ..\obj\stm32f10x_tim.o
 .debug_ranges  0x00000348       0x28 ..\obj\GlobalInit.o
 .debug_ranges  0x00000370       0x38 ..\obj\pumps.o
 .debug_ranges  0x000003a8       0x18 ..\obj\startup_stm32f10x_md_vl.o
 .debug_ranges  0x000003c0       0x18 ..\obj\system_stm32f10x.o
 .debug_ranges  0x000003d8       0x50 ..\obj\stm32f10x_pwr.o
 .debug_ranges  0x00000428       0x28 ..\obj\selector.o
 .debug_ranges  0x00000450       0x98 ..\obj\stm32f10x_gpio.o
 .debug_ranges  0x000004e8       0x40 ..\obj\main.o
 .debug_ranges  0x00000528      0x110 ..\obj\stm32f10x_rcc.o
 .debug_ranges  0x00000638       0x40 ..\obj\motor.o
 .debug_ranges  0x00000678       0x48 ..\obj\stm32f10x_exti.o
 .debug_ranges  0x000006c0      0x128 ..\obj\stm32f10x_adc.o
 .debug_ranges  0x000007e8       0xf0 ..\obj\stm32f10x_usart.o
 .debug_ranges  0x000008d8       0x28 ..\obj\heater.o
 .debug_ranges  0x00000900       0xe8 ..\obj\stm32f10x_flash.o
 .debug_ranges  0x000009e8       0x80 ..\obj\stm32f10x_it.o
 .debug_ranges  0x00000a68       0x30 ..\obj\debug.o
 .debug_ranges  0x00000a98       0x60 ..\obj\stm32f10x_dma.o
 .debug_ranges  0x00000af8       0x20 ..\obj\systick.o
 .debug_ranges  0x00000b18       0x48 ..\obj\Program.o

.debug_line     0x00000000     0x488a
 .debug_line    0x00000000      0x278 ..\obj\stm32f10x_rtc.o
 .debug_line    0x00000278      0x9a3 ..\obj\stm32f10x_tim.o
 .debug_line    0x00000c1b      0x3aa ..\obj\GlobalInit.o
 .debug_line    0x00000fc5      0x272 ..\obj\pumps.o
 .debug_line    0x00001237       0x89 ..\obj\startup_stm32f10x_md_vl.o
 .debug_line    0x000012c0      0x19d ..\obj\system_stm32f10x.o
 .debug_line    0x0000145d      0x25c ..\obj\stm32f10x_pwr.o
 .debug_line    0x000016b9      0x1e1 ..\obj\selector.o
 .debug_line    0x0000189a      0x351 ..\obj\stm32f10x_gpio.o
 .debug_line    0x00001beb      0x351 ..\obj\main.o
 .debug_line    0x00001f3c      0x162 ..\obj\programs_data.o
 .debug_line    0x0000209e      0x43b ..\obj\stm32f10x_rcc.o
 .debug_line    0x000024d9      0x2c7 ..\obj\motor.o
 .debug_line    0x000027a0      0x242 ..\obj\stm32f10x_exti.o
 .debug_line    0x000029e2      0x4b1 ..\obj\stm32f10x_adc.o
 .debug_line    0x00002e93      0x41b ..\obj\stm32f10x_usart.o
 .debug_line    0x000032ae      0x2ab ..\obj\heater.o
 .debug_line    0x00003559      0x474 ..\obj\stm32f10x_flash.o
 .debug_line    0x000039cd      0x36d ..\obj\stm32f10x_it.o
 .debug_line    0x00003d3a      0x370 ..\obj\debug.o
 .debug_line    0x000040aa      0x294 ..\obj\stm32f10x_dma.o
 .debug_line    0x0000433e      0x1df ..\obj\systick.o
 .debug_line    0x0000451d      0x36d ..\obj\Program.o

.debug_str      0x00000000     0x38c1
 .debug_str     0x00000000      0x328 ..\obj\stm32f10x_rtc.o
                                0x398 (size before relaxing)
 .debug_str     0x00000328      0xb9c ..\obj\stm32f10x_tim.o
                                0xe01 (size before relaxing)
 .debug_str     0x00000ec4      0x8f5 ..\obj\GlobalInit.o
                                0xbf4 (size before relaxing)
 .debug_str     0x000017b9      0x241 ..\obj\pumps.o
                                0x560 (size before relaxing)
 .debug_str     0x000019fa       0xb1 ..\obj\startup_stm32f10x_md_vl.o
                                0x148 (size before relaxing)
 .debug_str     0x00001aab       0x9c ..\obj\system_stm32f10x.o
                                0x2d0 (size before relaxing)
 .debug_str     0x00001b47      0x101 ..\obj\stm32f10x_pwr.o
                                0x32f (size before relaxing)
 .debug_str     0x00001c48       0x9a ..\obj\selector.o
                                0x368 (size before relaxing)
 .debug_str     0x00001ce2      0x1d2 ..\obj\stm32f10x_gpio.o
                                0x526 (size before relaxing)
 .debug_str     0x00001eb4      0x113 ..\obj\main.o
                                0x58d (size before relaxing)
 .debug_str     0x00001fc7       0x8a ..\obj\programs_data.o
                                0x372 (size before relaxing)
 .debug_str     0x00002051      0x390 ..\obj\stm32f10x_rcc.o
                                0x663 (size before relaxing)
 .debug_str     0x000023e1      0x211 ..\obj\motor.o
                                0x955 (size before relaxing)
 .debug_str     0x000025f2       0xcc ..\obj\stm32f10x_exti.o
                                0x33f (size before relaxing)
 .debug_str     0x000026be      0x51a ..\obj\stm32f10x_adc.o
                                0x708 (size before relaxing)
 .debug_str     0x00002bd8      0x36e ..\obj\stm32f10x_usart.o
                                0x6c6 (size before relaxing)
 .debug_str     0x00002f46      0x16d ..\obj\heater.o
                                0xbe8 (size before relaxing)
 .debug_str     0x000030b3      0x38b ..\obj\stm32f10x_flash.o
                                0x5de (size before relaxing)
 .debug_str     0x0000343e      0x1ae ..\obj\stm32f10x_it.o
                                0x8dc (size before relaxing)
 .debug_str     0x000035ec       0xed ..\obj\debug.o
                                0x52c (size before relaxing)
 .debug_str     0x000036d9       0xf3 ..\obj\stm32f10x_dma.o
                                0x3ad (size before relaxing)
 .debug_str     0x000037cc       0x73 ..\obj\systick.o
                                0x291 (size before relaxing)
 .debug_str     0x0000383f       0x82 ..\obj\Program.o
                                0x7f9 (size before relaxing)

.comment        0x00000000       0x70
 .comment       0x00000000       0x70 ..\obj\stm32f10x_rtc.o
                                 0x71 (size before relaxing)
 .comment       0x00000000       0x71 ..\obj\stm32f10x_tim.o
 .comment       0x00000000       0x71 ..\obj\GlobalInit.o
 .comment       0x00000000       0x71 ..\obj\pumps.o
 .comment       0x00000000       0x71 ..\obj\startup_stm32f10x_md_vl.o
 .comment       0x00000000       0x71 ..\obj\system_stm32f10x.o
 .comment       0x00000000       0x71 ..\obj\stm32f10x_pwr.o
 .comment       0x00000000       0x71 ..\obj\selector.o
 .comment       0x00000000       0x71 ..\obj\stm32f10x_gpio.o
 .comment       0x00000000       0x71 ..\obj\main.o
 .comment       0x00000000       0x71 ..\obj\programs_data.o
 .comment       0x00000000       0x71 ..\obj\stm32f10x_rcc.o
 .comment       0x00000000       0x71 ..\obj\motor.o
 .comment       0x00000000       0x71 ..\obj\stm32f10x_exti.o
 .comment       0x00000000       0x71 ..\obj\stm32f10x_adc.o
 .comment       0x00000000       0x71 ..\obj\stm32f10x_usart.o
 .comment       0x00000000       0x71 ..\obj\heater.o
 .comment       0x00000000       0x71 ..\obj\stm32f10x_flash.o
 .comment       0x00000000       0x71 ..\obj\stm32f10x_it.o
 .comment       0x00000000       0x71 ..\obj\debug.o
 .comment       0x00000000       0x71 ..\obj\stm32f10x_dma.o
 .comment       0x00000000       0x71 ..\obj\systick.o
 .comment       0x00000000       0x71 ..\obj\Program.o

.ARM.attributes
                0x00000000       0x33
 .ARM.attributes
                0x00000000       0x33 ..\obj\stm32f10x_rtc.o
 .ARM.attributes
                0x00000033       0x33 ..\obj\stm32f10x_tim.o
 .ARM.attributes
                0x00000066       0x33 ..\obj\GlobalInit.o
 .ARM.attributes
                0x00000099       0x33 ..\obj\pumps.o
 .ARM.attributes
                0x000000cc       0x33 ..\obj\startup_stm32f10x_md_vl.o
 .ARM.attributes
                0x000000ff       0x33 ..\obj\system_stm32f10x.o
 .ARM.attributes
                0x00000132       0x33 ..\obj\stm32f10x_pwr.o
 .ARM.attributes
                0x00000165       0x33 ..\obj\selector.o
 .ARM.attributes
                0x00000198       0x33 ..\obj\stm32f10x_gpio.o
 .ARM.attributes
                0x000001cb       0x33 ..\obj\main.o
 .ARM.attributes
                0x000001fe       0x33 ..\obj\programs_data.o
 .ARM.attributes
                0x00000231       0x33 ..\obj\stm32f10x_rcc.o
 .ARM.attributes
                0x00000264       0x33 ..\obj\motor.o
 .ARM.attributes
                0x00000297       0x33 ..\obj\stm32f10x_exti.o
 .ARM.attributes
                0x000002ca       0x33 ..\obj\stm32f10x_adc.o
 .ARM.attributes
                0x000002fd       0x33 ..\obj\stm32f10x_usart.o
 .ARM.attributes
                0x00000330       0x33 ..\obj\heater.o
 .ARM.attributes
                0x00000363       0x33 ..\obj\stm32f10x_flash.o
 .ARM.attributes
                0x00000396       0x33 ..\obj\stm32f10x_it.o
 .ARM.attributes
                0x000003c9       0x33 ..\obj\debug.o
 .ARM.attributes
                0x000003fc       0x33 ..\obj\stm32f10x_dma.o
 .ARM.attributes
                0x0000042f       0x33 ..\obj\systick.o
 .ARM.attributes
                0x00000462       0x33 ..\obj\Program.o
 .ARM.attributes
                0x00000495       0x1d c:/program files/gnu tools arm embedded/4.8 2014q3/bin/../lib/gcc/arm-none-eabi/4.8.4/armv7-m\libgcc.a(_arm_addsubdf3.o)
 .ARM.attributes
                0x000004b2       0x1d c:/program files/gnu tools arm embedded/4.8 2014q3/bin/../lib/gcc/arm-none-eabi/4.8.4/armv7-m\libgcc.a(_arm_muldivdf3.o)
 .ARM.attributes
                0x000004cf       0x1d c:/program files/gnu tools arm embedded/4.8 2014q3/bin/../lib/gcc/arm-none-eabi/4.8.4/armv7-m\libgcc.a(_arm_fixunsdfsi.o)
 .ARM.attributes
                0x000004ec       0x1d c:/program files/gnu tools arm embedded/4.8 2014q3/bin/../lib/gcc/arm-none-eabi/4.8.4/armv7-m\libgcc.a(_arm_truncdfsf2.o)
 .ARM.attributes
                0x00000509       0x1d c:/program files/gnu tools arm embedded/4.8 2014q3/bin/../lib/gcc/arm-none-eabi/4.8.4/armv7-m\libgcc.a(_arm_addsubsf3.o)
 .ARM.attributes
                0x00000526       0x1d c:/program files/gnu tools arm embedded/4.8 2014q3/bin/../lib/gcc/arm-none-eabi/4.8.4/armv7-m\libgcc.a(_arm_muldivsf3.o)
 .ARM.attributes
                0x00000543       0x1d c:/program files/gnu tools arm embedded/4.8 2014q3/bin/../lib/gcc/arm-none-eabi/4.8.4/armv7-m\libgcc.a(_arm_cmpsf2.o)
 .ARM.attributes
                0x00000560       0x1d c:/program files/gnu tools arm embedded/4.8 2014q3/bin/../lib/gcc/arm-none-eabi/4.8.4/armv7-m\libgcc.a(_arm_fixsfsi.o)
 .ARM.attributes
                0x0000057d       0x1d c:/program files/gnu tools arm embedded/4.8 2014q3/bin/../lib/gcc/arm-none-eabi/4.8.4/armv7-m\libgcc.a(_arm_fixunssfsi.o)
 .ARM.attributes
                0x0000059a       0x2d c:/program files/gnu tools arm embedded/4.8 2014q3/bin/../lib/gcc/arm-none-eabi/4.8.4/../../../../arm-none-eabi/lib/armv7-m\libc.a(lib_a-memcmp.o)
 .ARM.attributes
                0x000005c7       0x2d c:/program files/gnu tools arm embedded/4.8 2014q3/bin/../lib/gcc/arm-none-eabi/4.8.4/../../../../arm-none-eabi/lib/armv7-m\libc.a(lib_a-strlen.o)

.debug_frame    0x00000000     0x1a88
 .debug_frame   0x00000000      0x108 ..\obj\stm32f10x_rtc.o
 .debug_frame   0x00000108      0x640 ..\obj\stm32f10x_tim.o
 .debug_frame   0x00000748       0x7c ..\obj\GlobalInit.o
 .debug_frame   0x000007c4       0xac ..\obj\pumps.o
 .debug_frame   0x00000870       0x38 ..\obj\startup_stm32f10x_md_vl.o
 .debug_frame   0x000008a8       0x34 ..\obj\system_stm32f10x.o
 .debug_frame   0x000008dc       0xa8 ..\obj\stm32f10x_pwr.o
 .debug_frame   0x00000984       0x6c ..\obj\selector.o
 .debug_frame   0x000009f0      0x160 ..\obj\stm32f10x_gpio.o
 .debug_frame   0x00000b50       0x38 ..\obj\main.o
 .debug_frame   0x00000b88      0x234 ..\obj\stm32f10x_rcc.o
 .debug_frame   0x00000dbc       0xc0 ..\obj\motor.o
 .debug_frame   0x00000e7c       0x98 ..\obj\stm32f10x_exti.o
 .debug_frame   0x00000f14      0x280 ..\obj\stm32f10x_adc.o
 .debug_frame   0x00001194      0x20c ..\obj\stm32f10x_usart.o
 .debug_frame   0x000013a0       0x84 ..\obj\heater.o
 .debug_frame   0x00001424      0x24c ..\obj\stm32f10x_flash.o
 .debug_frame   0x00001670      0x130 ..\obj\stm32f10x_it.o
 .debug_frame   0x000017a0       0xb4 ..\obj\debug.o
 .debug_frame   0x00001854       0xc8 ..\obj\stm32f10x_dma.o
 .debug_frame   0x0000191c       0x50 ..\obj\systick.o
 .debug_frame   0x0000196c       0xd0 ..\obj\Program.o
 .debug_frame   0x00001a3c       0x2c c:/program files/gnu tools arm embedded/4.8 2014q3/bin/../lib/gcc/arm-none-eabi/4.8.4/../../../../arm-none-eabi/lib/armv7-m\libc.a(lib_a-memcmp.o)
 .debug_frame   0x00001a68       0x20 c:/program files/gnu tools arm embedded/4.8 2014q3/bin/../lib/gcc/arm-none-eabi/4.8.4/../../../../arm-none-eabi/lib/armv7-m\libc.a(lib_a-strlen.o)
